<html>
<body>
<pre>
<h1>µVision Build Log</h1>
<h2>Tool Versions:</h2>
IDE-Version: ¶ÃVision V5.25.0.0
Copyright (C) 2017 ARM Ltd and ARM Germany GmbH. All rights reserved.
License Information: 1 ZhuanZ£®Œﬁ√‹¬Î£©, 11, LIC=MPPLD-89JHH-KPNZY-ILTHY-TE5BF-8RHIW
 
Tool Versions:
Toolchain:       MDK-ARM Plus  Version: 5.25.0.0
Toolchain Path:  D:\keil\keil_ware\ARM\ARMCC\Bin
C Compiler:      Armcc.exe V5.06 update 6 (build 750)
Assembler:       Armasm.exe V5.06 update 6 (build 750)
Linker/Locator:  ArmLink.exe V5.06 update 6 (build 750)
Library Manager: ArmAr.exe V5.06 update 6 (build 750)
Hex Converter:   FromElf.exe V5.06 update 6 (build 750)
CPU DLL:         SARMCM3.DLL V5.25.0.0
Dialog DLL:      DCM.DLL V1.17.0.0
Target DLL:      STLink\ST-LINKIII-KEIL_SWO.dll V3.0.1.0
Dialog DLL:      TCM.DLL V1.34.0.0
 
<h2>Project:</h2>
D:\cumx_code\pinghengche\pinghengche\MDK-ARM\pinghengche.uvprojx
Project File Date:  03/27/2026

<h2>Output:</h2>
*** Using Compiler 'V5.06 update 6 (build 750)', folder: 'D:\keil\keil_ware\ARM\ARMCC\Bin'
Build target 'pinghengche'
compiling OLED.c...
..\My_code\OLED.c(12): warning:  #188-D: enumerated type mixed with another type
  	OLED_W_SCL(1);
..\My_code\OLED.c(13): warning:  #188-D: enumerated type mixed with another type
  	OLED_W_SDA(1);
..\My_code\OLED.c(23): warning:  #188-D: enumerated type mixed with another type
  	OLED_W_SDA(1);
..\My_code\OLED.c(24): warning:  #188-D: enumerated type mixed with another type
  	OLED_W_SCL(1);
..\My_code\OLED.c(25): warning:  #188-D: enumerated type mixed with another type
  	OLED_W_SDA(0);
..\My_code\OLED.c(26): warning:  #188-D: enumerated type mixed with another type
  	OLED_W_SCL(0);
..\My_code\OLED.c(36): warning:  #188-D: enumerated type mixed with another type
  	OLED_W_SDA(0);
..\My_code\OLED.c(37): warning:  #188-D: enumerated type mixed with another type
  	OLED_W_SCL(1);
..\My_code\OLED.c(38): warning:  #188-D: enumerated type mixed with another type
  	OLED_W_SDA(1);
..\My_code\OLED.c(51): warning:  #188-D: enumerated type mixed with another type
  		OLED_W_SDA(Byte & (0x80 >> i));
..\My_code\OLED.c(52): warning:  #188-D: enumerated type mixed with another type
  		OLED_W_SCL(1);
..\My_code\OLED.c(53): warning:  #188-D: enumerated type mixed with another type
  		OLED_W_SCL(0);
..\My_code\OLED.c(55): warning:  #188-D: enumerated type mixed with another type
  	OLED_W_SCL(1);	//È¢ùÂ§ñÁöÑ‰∏Ä‰∏™Êó∂ÈíüÔºå‰∏çÂ§ÑÁêÜÂ∫îÁ≠î‰ø°Âè?
..\My_code\OLED.c(56): warning:  #188-D: enumerated type mixed with another type
  	OLED_W_SCL(0);
..\My_code\OLED.c: 14 warnings, 0 errors
linking...
Program Size: Code=2662 RO-data=302 RW-data=16 ZI-data=1632  
FromELF: creating hex file...
"pinghengche\pinghengche.axf" - 0 Error(s), 14 Warning(s).

<h2>Software Packages used:</h2>

Package Vendor: ARM
                http://www.keil.com/pack/ARM.CMSIS.5.2.0.pack
                ARM.CMSIS.5.2.0
                CMSIS (Cortex Microcontroller Software Interface Standard)
   * Component: CORE Version: 5.0.2

Package Vendor: Keil
                http://www.keil.com/pack/Keil.STM32F1xx_DFP.2.3.0.pack
                Keil.STM32F1xx_DFP.2.3.0
                STMicroelectronics STM32F1 Series Device Support, Drivers and Examples

<h2>Collection of Component include folders:</h2>
  .\RTE\_pinghengche
  D:\keil\keil_ware\ARM\CMSIS\5.2.0\CMSIS\Include
  D:\keil\keil_ware\Keil\STM32F1xx_DFP\2.3.0\Device\Include

<h2>Collection of Component Files used:</h2>

   * Component: ARM::CMSIS:CORE:5.0.2
Build Time Elapsed:  00:00:01
</pre>
</body>
</html>
